// Jest Snapshot v1, https://goo.gl/fbAQLP

exports[`Nav component matches snapshot 1`] = `
<DocumentFragment>
  <nav>
    <ul
      class="flex-row"
    >
      <li
        class="mx-2"
      >
        <a
          href="#about"
        >
          ABOUT ME
        </a>
      </li>
      <li
        class="mx-2"
      >
        <a
          href="#resume"
        >
          RESUME
        </a>
      </li>
      <li
        class="mx-2"
      >
        <a
          href="#portfolio"
        >
          PORTFOLIO
        </a>
      </li>
      <li
        class="mx-2"
      >
        <a
          href="#myContact"
        >
          Contact
        </a>
      </li>
    </ul>
  </nav>
</DocumentFragment>
`;
